{
    "Zx.9001_P1 x chr10:1-16000, mpileup counts - stub": {
        "content": [
            [
                [
                    "Zx.9001_P1.chr10_1-16000",
                    "Zx.9001_P1.chr10_1-16000.sites.tsv.gz"
                ]
            ],
            [
                "Zx.9001_P1.chr10_1-16000.pooled_likelihood_tiers.versions.yml",
                "Zx.9001_P1.chr10_1-16000.witness_veto.versions.yml",
                "chr10_1-16000.region_bed.versions.yml"
            ]
        ],
        "timestamp": "2026-09-29T21:06:27.716957",
        "meta": {
            "nf-test": "0.9.5",
            "nextflow": "26.04.6"
        }
    },
    "Zx.9001_P1 x chr10:1-16000, crisp counts - stub": {
        "content": [
            [
                [
                    "Zx.9001_P1.chr10_1-16000",
                    "Zx.9001_P1.chr10_1-16000.sites.tsv.gz"
                ]
            ],
            [
                [
                    "Zx.9001_P1.chr10_1-16000",
                    "Zx.9001_P1.chr10_1-16000.summary.tsv"
                ]
            ],
            [
                [
                    "Zx.9001_P1.chr10_1-16000",
                    "Zx.9001_P1.chr10_1-16000.vetoed.vcf.gz"
                ]
            ],
            [
                [
                    "Zx.9001_P1.chr10_1-16000",
                    "Zx.9001_P1.chr10_1-16000.b73.ad.tsv.gz"
                ]
            ],
            [
                "Zx.9001_P1.chr10_1-16000.pooled_likelihood_tiers.versions.yml",
                "Zx.9001_P1.chr10_1-16000.witness_veto.versions.yml",
                "chr10_1-16000.region_bed.versions.yml"
            ]
        ],
        "timestamp": "2026-09-29T21:06:24.021282",
        "meta": {
            "nf-test": "0.9.5",
            "nextflow": "26.04.6"
        }
    }
}