{
    "-profile test, --entry read_alignment - stub": {
        "content": [
            {
                "ALIGN_MARKDUP": {
                    "minibwa": "0.7-r421",
                    "samtools": 1.21
                },
                "PICARD_COLLECTWGSMETRICS": {
                    "picard": "3.5.0"
                },
                "PROVENANCE": {
                    "python": "3.12.14"
                },
                "REGISTRY": {
                    "python": "3.12.14"
                },
                "SAMTOOLS_STATS": {
                    "samtools": 1.24
                },
                "Workflow": {
                    "sawers-rellan-labs/zealgt": "v0.1.0dev"
                }
            },
            [
                "checkpoint_stub",
                "checkpoint_stub/LIBX",
                "checkpoint_stub/LIBX/LX_1.paired.trim_1.fastq.gz",
                "checkpoint_stub/LIBX/LX_1.paired.trim_2.fastq.gz",
                "checkpoint_stub/LIBX/LX_2.paired.trim_1.fastq.gz",
                "checkpoint_stub/LIBX/LX_2.paired.trim_2.fastq.gz",
                "checkpoint_stub/LIBX/cleanup_status.tsv",
                "checkpoint_stub/LIBX/samplesheet.csv",
                "multiqc",
                "multiqc/multiqc_data",
                "multiqc/multiqc_data/.stub",
                "multiqc/multiqc_plots",
                "multiqc/multiqc_plots/.stub",
                "multiqc/multiqc_report.html",
                "pipeline_info",
                "pipeline_info/zealgt_software_mqc_versions.yml",
                "store_stub",
                "store_stub/cram",
                "store_stub/cram/LX_1.CollectWgsMetrics.coverage_metrics",
                "store_stub/cram/LX_1.align_markdup.versions.yml",
                "store_stub/cram/LX_1.cram",
                "store_stub/cram/LX_1.cram.crai",
                "store_stub/cram/LX_1.markdup.stats",
                "store_stub/cram/LX_1.provenance.json",
                "store_stub/cram/LX_1.provenance.versions.yml",
                "store_stub/cram/LX_1.stats",
                "store_stub/cram/LX_2.CollectWgsMetrics.coverage_metrics",
                "store_stub/cram/LX_2.align_markdup.versions.yml",
                "store_stub/cram/LX_2.cram",
                "store_stub/cram/LX_2.cram.crai",
                "store_stub/cram/LX_2.markdup.stats",
                "store_stub/cram/LX_2.provenance.json",
                "store_stub/cram/LX_2.provenance.versions.yml",
                "store_stub/cram/LX_2.stats",
                "store_stub/demux_qc",
                "store_stub/demux_qc/LIBX.tsv",
                "store_stub/registry",
                "store_stub/registry/LIBX.registry.tsv",
                "store_stub/registry/LIBX.registry.versions.yml"
            ],
            [
                ".stub:md5,d41d8cd98f00b204e9800998ecf8427e",
                ".stub:md5,d41d8cd98f00b204e9800998ecf8427e",
                "multiqc_report.html:md5,d41d8cd98f00b204e9800998ecf8427e",
                "LX_1.CollectWgsMetrics.coverage_metrics:md5,d41d8cd98f00b204e9800998ecf8427e",
                "LX_1.align_markdup.versions.yml:md5,d63a257d36702d8448ded0a5df9d8f8f",
                "LX_1.cram:md5,a4d9dc2f28d9e01b39e0be7137973012",
                "LX_1.cram.crai:md5,d41d8cd98f00b204e9800998ecf8427e",
                "LX_1.markdup.stats:md5,d41d8cd98f00b204e9800998ecf8427e",
                "LX_1.provenance.versions.yml:md5,fea499850b92edaaca42f373790eefd6",
                "LX_1.stats:md5,d41d8cd98f00b204e9800998ecf8427e",
                "LX_2.CollectWgsMetrics.coverage_metrics:md5,d41d8cd98f00b204e9800998ecf8427e",
                "LX_2.align_markdup.versions.yml:md5,d63a257d36702d8448ded0a5df9d8f8f",
                "LX_2.cram:md5,a4d9dc2f28d9e01b39e0be7137973012",
                "LX_2.cram.crai:md5,d41d8cd98f00b204e9800998ecf8427e",
                "LX_2.markdup.stats:md5,d41d8cd98f00b204e9800998ecf8427e",
                "LX_2.provenance.versions.yml:md5,fea499850b92edaaca42f373790eefd6",
                "LX_2.stats:md5,d41d8cd98f00b204e9800998ecf8427e",
                "LIBX.tsv:md5,a1292129af6284c1c0a1cb59d9d57cd7",
                "LIBX.registry.versions.yml:md5,8cc64bcf68b409c38a99b6c8cb780f42"
            ],
            [
                [
                    "LX_1",
                    {
                        "file": "registry file: tests/fixtures/registry_test.csv",
                        "code_version": "test",
                        "row": {
                            "sample_id": "LX_1",
                            "source": "bc1",
                            "role": "bc1_sample",
                            "library": "LIBX",
                            "plate": "",
                            "well": "1",
                            "lab_seq_id": "",
                            "delivered_name": "",
                            "accession": "",
                            "taxa_code": "",
                            "taxon": "mexicana",
                            "donor": "Zx.TEST_P1",
                            "line_id": "",
                            "old_line_id": "",
                            "pedigree": "Zx.TEST_P1_P1",
                            "nil_id": "Zx9000001",
                            "nil_id_in_register": "",
                            "is_check": "FALSE",
                            "gen": "",
                            "F1": "",
                            "BC1": "",
                            "BC2": "",
                            "S1": "1",
                            "S2": "",
                            "S3": "",
                            "S4": "",
                            "blk": "",
                            "TC": "",
                            "j2teo_batch": "",
                            "j2teo_seed_origin": "",
                            "field": "",
                            "field_plot": "",
                            "seed_packet": "",
                            "mother_plant": "",
                            "replicate_of": "",
                            "exclude": "FALSE",
                            "exclude_reason": "",
                            "flags": "a=1;b"
                        },
                        "resolved": {
                            "pedigree_resolved": "Zx.TEST_P9_P1",
                            "nil_id_resolved": "Zx9000009",
                            "donor_resolved": "Zx.TEST_P9",
                            "correction_ids": "C9001"
                        },
                        "note": ""
                    }
                ],
                [
                    "LX_2",
                    {
                        "file": "registry file: tests/fixtures/registry_test.csv",
                        "code_version": "test",
                        "row": null,
                        "resolved": null,
                        "note": "sample_id not in the registry"
                    }
                ]
            ]
        ],
        "timestamp": "2026-09-28T15:54:41.724518",
        "meta": {
            "nf-test": "0.9.5",
            "nextflow": "26.04.6"
        }
    },
    "-profile test, --entry markdup_import - stub": {
        "content": [
            {
                "MARKDUP_IMPORT": {
                    "samtools": 1.21,
                    "gawk": "5.4.1"
                },
                "PICARD_COLLECTWGSMETRICS": {
                    "picard": "3.5.0"
                },
                "PROVENANCE": {
                    "python": "3.12.14"
                },
                "SAMTOOLS_STATS": {
                    "samtools": 1.24
                },
                "Workflow": {
                    "sawers-rellan-labs/zealgt": "v0.1.0dev"
                }
            },
            [
                "imp",
                "imp/IMP_A.cram",
                "imp/IMP_A.cram.crai",
                "imp/IMP_B.cram",
                "imp/IMP_B.cram.crai",
                "imp/IMP_C.cram",
                "imp/IMP_C.cram.crai",
                "import.csv",
                "multiqc",
                "multiqc/multiqc_data",
                "multiqc/multiqc_data/.stub",
                "multiqc/multiqc_plots",
                "multiqc/multiqc_plots/.stub",
                "multiqc/multiqc_report.html",
                "pipeline_info",
                "pipeline_info/zealgt_software_mqc_versions.yml",
                "store_stub",
                "store_stub/cram_import",
                "store_stub/cram_import/IMP_A.CollectWgsMetrics.coverage_metrics",
                "store_stub/cram_import/IMP_A.cram",
                "store_stub/cram_import/IMP_A.cram.crai",
                "store_stub/cram_import/IMP_A.markdup.stats",
                "store_stub/cram_import/IMP_A.markdup_import.versions.yml",
                "store_stub/cram_import/IMP_A.provenance.json",
                "store_stub/cram_import/IMP_A.provenance.versions.yml",
                "store_stub/cram_import/IMP_A.read_group.txt",
                "store_stub/cram_import/IMP_A.stats",
                "store_stub/cram_import/IMP_B.CollectWgsMetrics.coverage_metrics",
                "store_stub/cram_import/IMP_B.cram",
                "store_stub/cram_import/IMP_B.cram.crai",
                "store_stub/cram_import/IMP_B.markdup.stats",
                "store_stub/cram_import/IMP_B.markdup_import.versions.yml",
                "store_stub/cram_import/IMP_B.provenance.json",
                "store_stub/cram_import/IMP_B.provenance.versions.yml",
                "store_stub/cram_import/IMP_B.read_group.txt",
                "store_stub/cram_import/IMP_B.stats"
            ],
            [
                ".stub:md5,d41d8cd98f00b204e9800998ecf8427e",
                ".stub:md5,d41d8cd98f00b204e9800998ecf8427e",
                "multiqc_report.html:md5,d41d8cd98f00b204e9800998ecf8427e",
                "IMP_A.CollectWgsMetrics.coverage_metrics:md5,d41d8cd98f00b204e9800998ecf8427e",
                "IMP_A.cram:md5,a4d9dc2f28d9e01b39e0be7137973012",
                "IMP_A.cram.crai:md5,d41d8cd98f00b204e9800998ecf8427e",
                "IMP_A.markdup.stats:md5,d41d8cd98f00b204e9800998ecf8427e",
                "IMP_A.markdup_import.versions.yml:md5,acb307a5ef377eda827f80c32d3af404",
                "IMP_A.provenance.versions.yml:md5,8f21c731643c14a9fc6ae912d78597da",
                "IMP_A.read_group.txt:md5,d41d8cd98f00b204e9800998ecf8427e",
                "IMP_A.stats:md5,d41d8cd98f00b204e9800998ecf8427e",
                "IMP_B.CollectWgsMetrics.coverage_metrics:md5,d41d8cd98f00b204e9800998ecf8427e",
                "IMP_B.cram:md5,a4d9dc2f28d9e01b39e0be7137973012",
                "IMP_B.cram.crai:md5,d41d8cd98f00b204e9800998ecf8427e",
                "IMP_B.markdup.stats:md5,d41d8cd98f00b204e9800998ecf8427e",
                "IMP_B.markdup_import.versions.yml:md5,acb307a5ef377eda827f80c32d3af404",
                "IMP_B.provenance.versions.yml:md5,8f21c731643c14a9fc6ae912d78597da",
                "IMP_B.read_group.txt:md5,d41d8cd98f00b204e9800998ecf8427e",
                "IMP_B.stats:md5,d41d8cd98f00b204e9800998ecf8427e"
            ],
            [
                [
                    "IMP_A",
                    {
                        "sample_id": "IMP_A",
                        "source": "bc1",
                        "role": "bc1_sample",
                        "library": "2A",
                        "donor": "Zx.0540_P3",
                        "import_set": "Zx.0540_P3",
                        "size_bytes": "10",
                        "made_by": "nilhmm pool_run",
                        "dup_marked": "no",
                        "read_groups": "no",
                        "include": "true",
                        "note": ""
                    },
                    "registry file: tests/fixtures/registry_test.csv",
                    null,
                    "sample_id not in the registry"
                ],
                [
                    "IMP_B",
                    {
                        "sample_id": "IMP_B",
                        "source": "bc2s3_batch1",
                        "role": "line",
                        "library": "BZea5",
                        "donor": "Zx.0540_P3",
                        "import_set": "Zx.0540_P3",
                        "size_bytes": "10",
                        "made_by": "zealbc1 bc2s3_realign",
                        "dup_marked": "no",
                        "read_groups": "no",
                        "include": "true",
                        "note": ""
                    },
                    "registry file: tests/fixtures/registry_test.csv",
                    null,
                    "sample_id not in the registry"
                ]
            ]
        ],
        "timestamp": "2026-09-28T15:54:46.40717",
        "meta": {
            "nf-test": "0.9.5",
            "nextflow": "26.04.6"
        }
    },
    "-profile test, --entry read_demultiplexing, batch-1 library LIBB1 (tar members, r1_only) - stub": {
        "content": [
            [
                [
                    "PB1_SID1",
                    "registry file: tests/fixtures/registry_test.csv",
                    {
                        "sample_id": "PB1_SID1",
                        "source": "bc2s3_batch1",
                        "role": "line",
                        "library": "LIBB1",
                        "plate": "1",
                        "well": "A01",
                        "lab_seq_id": "",
                        "delivered_name": "TEST-PB1_SID1_P2_P1-bulk",
                        "accession": "Zx.TEST",
                        "taxa_code": "Test",
                        "taxon": "mexicana",
                        "donor": "Zx.TEST_P2",
                        "line_id": "Zx.TEST_P2_P1_P1.1.1.1.B",
                        "old_line_id": "",
                        "pedigree": "Zx.TEST_P2_P1_P1.1.1.1",
                        "nil_id": "Zx90002111",
                        "nil_id_in_register": "TRUE",
                        "is_check": "FALSE",
                        "gen": "BC2S3-B",
                        "F1": "P2",
                        "BC1": "P1",
                        "BC2": "P1",
                        "S1": "1",
                        "S2": "1",
                        "S3": "1",
                        "S4": "",
                        "blk": "B",
                        "TC": "",
                        "j2teo_batch": "A",
                        "j2teo_seed_origin": "",
                        "field": "PV23",
                        "field_plot": "PV23-9001",
                        "seed_packet": "PV23-101",
                        "mother_plant": "CLY22-TEST-1",
                        "replicate_of": "",
                        "exclude": "FALSE",
                        "exclude_reason": "",
                        "flags": ""
                    },
                    {
                        "pedigree_resolved": "Zx.TEST_P2_P1_P1.1.1.1",
                        "nil_id_resolved": "Zx90002111",
                        "donor_resolved": "Zx.TEST_P2",
                        "correction_ids": ""
                    },
                    ""
                ],
                [
                    "PB1_SID2",
                    "registry file: tests/fixtures/registry_test.csv",
                    {
                        "sample_id": "PB1_SID2",
                        "source": "bc2s3_batch1",
                        "role": "line",
                        "library": "LIBB1",
                        "plate": "1",
                        "well": "B01",
                        "lab_seq_id": "",
                        "delivered_name": "TEST-PB1_SID2_P2_P1-bulk",
                        "accession": "Zx.TEST",
                        "taxa_code": "Test",
                        "taxon": "mexicana",
                        "donor": "Zx.TEST_P2",
                        "line_id": "Zx.TEST_P2_P1_P2.1.1.1.B",
                        "old_line_id": "",
                        "pedigree": "Zx.TEST_P2_P1_P2.1.1.1",
                        "nil_id": "Zx90002121",
                        "nil_id_in_register": "TRUE",
                        "is_check": "FALSE",
                        "gen": "BC2S3-B",
                        "F1": "P2",
                        "BC1": "P1",
                        "BC2": "P2",
                        "S1": "1",
                        "S2": "1",
                        "S3": "1",
                        "S4": "",
                        "blk": "B",
                        "TC": "",
                        "j2teo_batch": "A",
                        "j2teo_seed_origin": "",
                        "field": "PV23",
                        "field_plot": "PV23-9002",
                        "seed_packet": "PV23-102",
                        "mother_plant": "CLY22-TEST-1",
                        "replicate_of": "",
                        "exclude": "FALSE",
                        "exclude_reason": "",
                        "flags": ""
                    },
                    {
                        "pedigree_resolved": "Zx.TEST_P2_P1_P2.1.1.1",
                        "nil_id_resolved": "Zx90002121",
                        "donor_resolved": "Zx.TEST_P2",
                        "correction_ids": ""
                    },
                    ""
                ],
                [
                    "PB1_SID3",
                    "registry file: tests/fixtures/registry_test.csv",
                    {
                        "sample_id": "PB1_SID3",
                        "source": "bc2s3_batch1",
                        "role": "line",
                        "library": "LIBB1",
                        "plate": "1",
                        "well": "C01",
                        "lab_seq_id": "",
                        "delivered_name": "TEST-PB1_SID3_P2_P1-bulk",
                        "accession": "Zx.TEST",
                        "taxa_code": "Test",
                        "taxon": "mexicana",
                        "donor": "Zx.TEST_P2",
                        "line_id": "Zx.TEST_P2_P1_P3.1.1.1.B",
                        "old_line_id": "",
                        "pedigree": "Zx.TEST_P2_P1_P3.1.1.1",
                        "nil_id": "Zx90002131",
                        "nil_id_in_register": "TRUE",
                        "is_check": "FALSE",
                        "gen": "BC2S3-B",
                        "F1": "P2",
                        "BC1": "P1",
                        "BC2": "P3",
                        "S1": "1",
                        "S2": "1",
                        "S3": "1",
                        "S4": "",
                        "blk": "B",
                        "TC": "",
                        "j2teo_batch": "A",
                        "j2teo_seed_origin": "",
                        "field": "PV23",
                        "field_plot": "PV23-9003",
                        "seed_packet": "PV23-103",
                        "mother_plant": "CLY22-TEST-1",
                        "replicate_of": "",
                        "exclude": "FALSE",
                        "exclude_reason": "",
                        "flags": "tissue_plot_j2teo_rows=2;pedigree_from_seed_packet"
                    },
                    {
                        "pedigree_resolved": "Zx.TEST_P3_P1_P3.1.1.1",
                        "nil_id_resolved": "Zx90003131",
                        "donor_resolved": "Zx.TEST_P3",
                        "correction_ids": "C9001;C9002"
                    },
                    ""
                ],
                [
                    "PB1_SID4",
                    "registry file: tests/fixtures/registry_test.csv",
                    {
                        "sample_id": "PB1_SID4",
                        "source": "bc2s3_batch1",
                        "role": "check",
                        "library": "LIBB1",
                        "plate": "1",
                        "well": "D01",
                        "lab_seq_id": "",
                        "delivered_name": "B73",
                        "accession": "",
                        "taxa_code": "",
                        "taxon": "",
                        "donor": "",
                        "line_id": "",
                        "old_line_id": "",
                        "pedigree": "B73",
                        "nil_id": "",
                        "nil_id_in_register": "",
                        "is_check": "TRUE",
                        "gen": "",
                        "F1": "",
                        "BC1": "",
                        "BC2": "",
                        "S1": "",
                        "S2": "",
                        "S3": "",
                        "S4": "",
                        "blk": "",
                        "TC": "",
                        "j2teo_batch": "",
                        "j2teo_seed_origin": "",
                        "field": "PV23",
                        "field_plot": "PV23-9004",
                        "seed_packet": "PV23-104",
                        "mother_plant": "",
                        "replicate_of": "",
                        "exclude": "FALSE",
                        "exclude_reason": "",
                        "flags": ""
                    },
                    {
                        "pedigree_resolved": "B73",
                        "nil_id_resolved": "",
                        "donor_resolved": "",
                        "correction_ids": ""
                    },
                    ""
                ]
            ]
        ],
        "timestamp": "2026-09-28T15:53:44.651546",
        "meta": {
            "nf-test": "0.9.5",
            "nextflow": "26.04.6"
        }
    },
    "-profile test, --entry read_demultiplexing - stub": {
        "content": [
            {
                "ALIGN_MARKDUP": {
                    "minibwa": "0.7-r421",
                    "samtools": 1.21
                },
                "DEMUX": {
                    "cutadapt": 4.9,
                    "pigz": 2.8,
                    "tar": "3.5.3"
                },
                "DEMUX_QC": {
                    "python": "3.12.14"
                },
                "FASTQC": {
                    "fastqc": "0.12.1"
                },
                "PICARD_COLLECTWGSMETRICS": {
                    "picard": "3.5.0"
                },
                "PROVENANCE": {
                    "python": "3.12.14"
                },
                "REGISTRY": {
                    "python": "3.12.14"
                },
                "SAMTOOLS_STATS": {
                    "samtools": 1.24
                },
                "TRIMMOMATIC": {
                    "trimmomatic": 0.39
                },
                "Workflow": {
                    "sawers-rellan-labs/zealgt": "v0.1.0dev"
                }
            },
            [
                "checkpoint_stub",
                "checkpoint_stub/LIBX",
                "checkpoint_stub/LIBX/LX_1.paired.trim_1.fastq.gz",
                "checkpoint_stub/LIBX/LX_1.paired.trim_2.fastq.gz",
                "checkpoint_stub/LIBX/LX_1.summary",
                "checkpoint_stub/LIBX/LX_1_out.log",
                "checkpoint_stub/LIBX/LX_2.paired.trim_1.fastq.gz",
                "checkpoint_stub/LIBX/LX_2.paired.trim_2.fastq.gz",
                "checkpoint_stub/LIBX/LX_2.summary",
                "checkpoint_stub/LIBX/LX_2_out.log",
                "checkpoint_stub/LIBX/LX_3.paired.trim_1.fastq.gz",
                "checkpoint_stub/LIBX/LX_3.paired.trim_2.fastq.gz",
                "checkpoint_stub/LIBX/LX_3.summary",
                "checkpoint_stub/LIBX/LX_3_out.log",
                "checkpoint_stub/LIBX/cleanup_status.tsv",
                "checkpoint_stub/LIBX/samplesheet.csv",
                "fastqc",
                "fastqc/LIBX",
                "fastqc/LIBX/LX_1.html",
                "fastqc/LIBX/LX_1.zip",
                "fastqc/LIBX/LX_2.html",
                "fastqc/LIBX/LX_2.zip",
                "fastqc/LIBX/LX_3.html",
                "fastqc/LIBX/LX_3.zip",
                "multiqc",
                "multiqc/multiqc_data",
                "multiqc/multiqc_data/.stub",
                "multiqc/multiqc_plots",
                "multiqc/multiqc_plots/.stub",
                "multiqc/multiqc_report.html",
                "pipeline_info",
                "pipeline_info/zealgt_software_mqc_versions.yml",
                "store_stub",
                "store_stub/cram",
                "store_stub/cram/LX_1.CollectWgsMetrics.coverage_metrics",
                "store_stub/cram/LX_1.align_markdup.versions.yml",
                "store_stub/cram/LX_1.cram",
                "store_stub/cram/LX_1.cram.crai",
                "store_stub/cram/LX_1.markdup.stats",
                "store_stub/cram/LX_1.provenance.json",
                "store_stub/cram/LX_1.provenance.versions.yml",
                "store_stub/cram/LX_1.stats",
                "store_stub/cram/LX_2.CollectWgsMetrics.coverage_metrics",
                "store_stub/cram/LX_2.align_markdup.versions.yml",
                "store_stub/cram/LX_2.cram",
                "store_stub/cram/LX_2.cram.crai",
                "store_stub/cram/LX_2.markdup.stats",
                "store_stub/cram/LX_2.provenance.json",
                "store_stub/cram/LX_2.provenance.versions.yml",
                "store_stub/cram/LX_2.stats",
                "store_stub/cram/LX_3.CollectWgsMetrics.coverage_metrics",
                "store_stub/cram/LX_3.align_markdup.versions.yml",
                "store_stub/cram/LX_3.cram",
                "store_stub/cram/LX_3.cram.crai",
                "store_stub/cram/LX_3.markdup.stats",
                "store_stub/cram/LX_3.provenance.json",
                "store_stub/cram/LX_3.provenance.versions.yml",
                "store_stub/cram/LX_3.stats",
                "store_stub/demux_qc",
                "store_stub/demux_qc/LIBX.cutadapt.json",
                "store_stub/demux_qc/LIBX.cutadapt.log",
                "store_stub/demux_qc/LIBX.demux_qc.versions.yml",
                "store_stub/demux_qc/LIBX.read_start.tsv",
                "store_stub/demux_qc/LIBX.summary.tsv",
                "store_stub/demux_qc/LIBX.tsv",
                "store_stub/registry",
                "store_stub/registry/LIBX.registry.tsv",
                "store_stub/registry/LIBX.registry.versions.yml"
            ],
            [
                "LX_1.summary:md5,d41d8cd98f00b204e9800998ecf8427e",
                "LX_1_out.log:md5,d41d8cd98f00b204e9800998ecf8427e",
                "LX_2.summary:md5,d41d8cd98f00b204e9800998ecf8427e",
                "LX_2_out.log:md5,d41d8cd98f00b204e9800998ecf8427e",
                "LX_3.summary:md5,d41d8cd98f00b204e9800998ecf8427e",
                "LX_3_out.log:md5,d41d8cd98f00b204e9800998ecf8427e",
                "LX_1.html:md5,d41d8cd98f00b204e9800998ecf8427e",
                "LX_1.zip:md5,d41d8cd98f00b204e9800998ecf8427e",
                "LX_2.html:md5,d41d8cd98f00b204e9800998ecf8427e",
                "LX_2.zip:md5,d41d8cd98f00b204e9800998ecf8427e",
                "LX_3.html:md5,d41d8cd98f00b204e9800998ecf8427e",
                "LX_3.zip:md5,d41d8cd98f00b204e9800998ecf8427e",
                ".stub:md5,d41d8cd98f00b204e9800998ecf8427e",
                ".stub:md5,d41d8cd98f00b204e9800998ecf8427e",
                "multiqc_report.html:md5,d41d8cd98f00b204e9800998ecf8427e",
                "LX_1.CollectWgsMetrics.coverage_metrics:md5,d41d8cd98f00b204e9800998ecf8427e",
                "LX_1.align_markdup.versions.yml:md5,d63a257d36702d8448ded0a5df9d8f8f",
                "LX_1.cram:md5,a4d9dc2f28d9e01b39e0be7137973012",
                "LX_1.cram.crai:md5,d41d8cd98f00b204e9800998ecf8427e",
                "LX_1.markdup.stats:md5,d41d8cd98f00b204e9800998ecf8427e",
                "LX_1.provenance.versions.yml:md5,fea499850b92edaaca42f373790eefd6",
                "LX_1.stats:md5,d41d8cd98f00b204e9800998ecf8427e",
                "LX_2.CollectWgsMetrics.coverage_metrics:md5,d41d8cd98f00b204e9800998ecf8427e",
                "LX_2.align_markdup.versions.yml:md5,d63a257d36702d8448ded0a5df9d8f8f",
                "LX_2.cram:md5,a4d9dc2f28d9e01b39e0be7137973012",
                "LX_2.cram.crai:md5,d41d8cd98f00b204e9800998ecf8427e",
                "LX_2.markdup.stats:md5,d41d8cd98f00b204e9800998ecf8427e",
                "LX_2.provenance.versions.yml:md5,fea499850b92edaaca42f373790eefd6",
                "LX_2.stats:md5,d41d8cd98f00b204e9800998ecf8427e",
                "LX_3.CollectWgsMetrics.coverage_metrics:md5,d41d8cd98f00b204e9800998ecf8427e",
                "LX_3.align_markdup.versions.yml:md5,d63a257d36702d8448ded0a5df9d8f8f",
                "LX_3.cram:md5,a4d9dc2f28d9e01b39e0be7137973012",
                "LX_3.cram.crai:md5,d41d8cd98f00b204e9800998ecf8427e",
                "LX_3.markdup.stats:md5,d41d8cd98f00b204e9800998ecf8427e",
                "LX_3.provenance.versions.yml:md5,fea499850b92edaaca42f373790eefd6",
                "LX_3.stats:md5,d41d8cd98f00b204e9800998ecf8427e",
                "LIBX.cutadapt.json:md5,d41d8cd98f00b204e9800998ecf8427e",
                "LIBX.cutadapt.log:md5,d41d8cd98f00b204e9800998ecf8427e",
                "LIBX.demux_qc.versions.yml:md5,b0610c0dcd24ec4d9dba4384191f09a7",
                "LIBX.read_start.tsv:md5,d41d8cd98f00b204e9800998ecf8427e",
                "LIBX.summary.tsv:md5,d41d8cd98f00b204e9800998ecf8427e",
                "LIBX.tsv:md5,d41d8cd98f00b204e9800998ecf8427e",
                "LIBX.registry.versions.yml:md5,8cc64bcf68b409c38a99b6c8cb780f42"
            ],
            [
                [
                    "LX_1.provenance.json",
                    "registry file: tests/fixtures/registry_test.csv",
                    {
                        "sample_id": "LX_1",
                        "source": "bc1",
                        "role": "bc1_sample",
                        "library": "LIBX",
                        "plate": "",
                        "well": "1",
                        "lab_seq_id": "",
                        "delivered_name": "Zx.TEST_P1_P1",
                        "accession": "Zx.TEST",
                        "taxa_code": "Test",
                        "taxon": "mexicana",
                        "donor": "Zx.TEST_P1",
                        "line_id": "Zx.TEST_P1_P1",
                        "old_line_id": "",
                        "pedigree": "Zx.TEST_P1_P1",
                        "nil_id": "",
                        "nil_id_in_register": "",
                        "is_check": "FALSE",
                        "gen": "BC1",
                        "F1": "P1",
                        "BC1": "P1",
                        "BC2": "",
                        "S1": "",
                        "S2": "",
                        "S3": "",
                        "S4": "",
                        "blk": "",
                        "TC": "",
                        "j2teo_batch": "A",
                        "j2teo_seed_origin": "",
                        "field": "",
                        "field_plot": "",
                        "seed_packet": "",
                        "mother_plant": "",
                        "replicate_of": "",
                        "exclude": "FALSE",
                        "exclude_reason": "",
                        "flags": ""
                    },
                    {
                        "pedigree_resolved": "Zx.TEST_P1_P1",
                        "nil_id_resolved": "",
                        "donor_resolved": "Zx.TEST_P1",
                        "correction_ids": ""
                    },
                    ""
                ],
                [
                    "LX_2.provenance.json",
                    "registry file: tests/fixtures/registry_test.csv",
                    {
                        "sample_id": "LX_2",
                        "source": "bc1",
                        "role": "bc1_sample",
                        "library": "LIBX",
                        "plate": "",
                        "well": "2",
                        "lab_seq_id": "",
                        "delivered_name": "Zx.TEST_P1_P2",
                        "accession": "Zx.TEST",
                        "taxa_code": "Test",
                        "taxon": "mexicana",
                        "donor": "Zx.TEST_P1",
                        "line_id": "Zx.TEST_P1_P2",
                        "old_line_id": "",
                        "pedigree": "Zx.TEST_P1_P2",
                        "nil_id": "",
                        "nil_id_in_register": "",
                        "is_check": "FALSE",
                        "gen": "BC1",
                        "F1": "P1",
                        "BC1": "P2",
                        "BC2": "",
                        "S1": "",
                        "S2": "",
                        "S3": "",
                        "S4": "",
                        "blk": "",
                        "TC": "",
                        "j2teo_batch": "A",
                        "j2teo_seed_origin": "",
                        "field": "",
                        "field_plot": "",
                        "seed_packet": "",
                        "mother_plant": "",
                        "replicate_of": "",
                        "exclude": "FALSE",
                        "exclude_reason": "",
                        "flags": ""
                    },
                    {
                        "pedigree_resolved": "Zx.TEST_P1_P2",
                        "nil_id_resolved": "",
                        "donor_resolved": "Zx.TEST_P1",
                        "correction_ids": ""
                    },
                    ""
                ],
                [
                    "LX_3.provenance.json",
                    "registry file: tests/fixtures/registry_test.csv",
                    {
                        "sample_id": "LX_3",
                        "source": "bc1",
                        "role": "bc1_sample",
                        "library": "LIBX",
                        "plate": "",
                        "well": "3",
                        "lab_seq_id": "",
                        "delivered_name": "Zx.TEST_P1_P3",
                        "accession": "Zx.TEST",
                        "taxa_code": "Test",
                        "taxon": "mexicana",
                        "donor": "Zx.TEST_P1",
                        "line_id": "Zx.TEST_P1_P3",
                        "old_line_id": "",
                        "pedigree": "Zx.TEST_P1_P3",
                        "nil_id": "",
                        "nil_id_in_register": "",
                        "is_check": "FALSE",
                        "gen": "BC1",
                        "F1": "P1",
                        "BC1": "P3",
                        "BC2": "",
                        "S1": "",
                        "S2": "",
                        "S3": "",
                        "S4": "",
                        "blk": "",
                        "TC": "",
                        "j2teo_batch": "A",
                        "j2teo_seed_origin": "",
                        "field": "",
                        "field_plot": "",
                        "seed_packet": "",
                        "mother_plant": "",
                        "replicate_of": "",
                        "exclude": "FALSE",
                        "exclude_reason": "",
                        "flags": ""
                    },
                    {
                        "pedigree_resolved": "Zx.TEST_P1_P3",
                        "nil_id_resolved": "",
                        "donor_resolved": "Zx.TEST_P1",
                        "correction_ids": ""
                    },
                    ""
                ]
            ]
        ],
        "timestamp": "2026-09-28T15:54:20.81846",
        "meta": {
            "nf-test": "0.9.5",
            "nextflow": "26.04.6"
        }
    }
}