{
    "-profile test_genotype, --entry donor_allele_calling - stub": {
        "content": [
            {
                "B73_UNION_COUNTS": {
                    "bcftools": 1.21,
                    "htslib": 1.21
                },
                "DONOR_FOUNDER": {
                    "python": "3.12.14"
                },
                "GAP_FILLING_BC1": {
                    "python": "3.12.14"
                },
                "GAP_FILLING_LINES": {
                    "python": "3.12.14"
                },
                "JOINT_POOLED_LIKELIHOOD": {
                    "python": "3.12.14"
                },
                "LINE_UNION_COUNTS": {
                    "bcftools": 1.21,
                    "htslib": 1.21
                },
                "MASK_READ_STARTS": {
                    "samtools": 1.21,
                    "gawk": "5.4.1"
                },
                "REGION_BED": {
                    "python": "3.12.14"
                },
                "UNION_SITE_COUNTS": {
                    "bcftools": 1.21,
                    "htslib": 1.21
                },
                "Workflow": {
                    "sawers-rellan-labs/zealgt": "v0.1.0dev"
                }
            },
            [
                "pipeline_info",
                "pipeline_info/zealgt_genotype_donor_allele_calling_software_versions.yml",
                "store_stub",
                "store_stub/genotype",
                "store_stub/genotype/test",
                "store_stub/genotype/test/ancestry",
                "store_stub/genotype/test/ancestry/Zx.9001_P1.chr10_1-16000.line_qc.tsv",
                "store_stub/genotype/test/ancestry/Zx.9001_P1.chr10_1-16000.segments.csv",
                "store_stub/genotype/test/ancestry/Zx.9001_P1.chr10_1-16000.tierA_sites.tsv",
                "store_stub/genotype/test/donor_alleles",
                "store_stub/genotype/test/donor_alleles/test_set",
                "store_stub/genotype/test/donor_alleles/test_set/Zx.9001_P1.chr10_1-16000.donor_founder.versions.yml",
                "store_stub/genotype/test/donor_alleles/test_set/Zx.9001_P1.chr10_1-16000.summary.tsv",
                "store_stub/genotype/test/donor_alleles/test_set/Zx.9001_P1.chr10_1-16000.tsv.gz",
                "store_stub/genotype/test/gap_bc1",
                "store_stub/genotype/test/gap_bc1/test_set.chr10_1-16000.gap_bc1.gap_filling_bc1.versions.yml",
                "store_stub/genotype/test/gap_bc1/test_set.chr10_1-16000.gap_bc1.summary.tsv",
                "store_stub/genotype/test/gap_bc1/test_set.chr10_1-16000.gap_bc1.tsv.gz",
                "store_stub/genotype/test/gap_lines",
                "store_stub/genotype/test/gap_lines/test_set",
                "store_stub/genotype/test/gap_lines/test_set/Zx.9001_P1.chr10_1-16000.gap_lines.gap_filling_lines.versions.yml",
                "store_stub/genotype/test/gap_lines/test_set/Zx.9001_P1.chr10_1-16000.gap_lines.summary.tsv",
                "store_stub/genotype/test/gap_lines/test_set/Zx.9001_P1.chr10_1-16000.gap_lines.tsv.gz",
                "store_stub/genotype/test/joint_step4",
                "store_stub/genotype/test/joint_step4/test_set",
                "store_stub/genotype/test/joint_step4/test_set/Zx.9001_P1.chr10_1-16000.sites.tsv.gz",
                "store_stub/genotype/test/joint_step4/test_set/test_set.chr10_1-16000.pool_qc.tsv",
                "store_stub/genotype/test/joint_step4/test_set/test_set.chr10_1-16000.pooled_likelihood_tiers.versions.yml",
                "store_stub/genotype/test/joint_step4/test_set/test_set.chr10_1-16000.run_info.txt",
                "store_stub/genotype/test/joint_step4/test_set/test_set.chr10_1-16000.summary.tsv",
                "store_stub/genotype/test/sample_qc",
                "store_stub/genotype/test/sample_qc/cohort.sample_qc.tsv",
                "store_stub/genotype/test/settings",
                "store_stub/genotype/test/step4",
                "store_stub/genotype/test/step4/Zx.9001_P1.chr10_1-16000.pool_qc.tsv",
                "store_stub/genotype/test/step4/Zx.9001_P1.chr10_1-16000.run_info.txt",
                "store_stub/genotype/test/step4/Zx.9001_P1.chr10_1-16000.sites.tsv.gz",
                "store_stub/genotype/test/step4/Zx.9001_P1.chr10_1-16000.summary.tsv",
                "store_stub/genotype/test/union",
                "store_stub/genotype/test/union/test_set.chr10_1-16000.per_donor.tsv",
                "store_stub/genotype/test/union/test_set.chr10_1-16000.tsv.gz",
                "store_stub/genotype/test/union/test_set.chr10_1-16000.union_sites.tsv"
            ],
            [
                "Zx.9001_P1.chr10_1-16000.line_qc.tsv:md5,24a445bd087f9dc69b6385f06c45071f",
                "Zx.9001_P1.chr10_1-16000.segments.csv:md5,1ea84424e0eae178179531bf71869b8f",
                "Zx.9001_P1.chr10_1-16000.tierA_sites.tsv:md5,1108f99232e71fbd13a4057f47c1c45e",
                "Zx.9001_P1.chr10_1-16000.donor_founder.versions.yml:md5,cc93ca436132585d78166bb410bdd071",
                "Zx.9001_P1.chr10_1-16000.summary.tsv:md5,d41d8cd98f00b204e9800998ecf8427e",
                "Zx.9001_P1.chr10_1-16000.tsv.gz:md5,d41d8cd98f00b204e9800998ecf8427e",
                "test_set.chr10_1-16000.gap_bc1.gap_filling_bc1.versions.yml:md5,7e1fc7a8fcd678f6c4b135452fbae3f0",
                "test_set.chr10_1-16000.gap_bc1.summary.tsv:md5,d41d8cd98f00b204e9800998ecf8427e",
                "test_set.chr10_1-16000.gap_bc1.tsv.gz:md5,d41d8cd98f00b204e9800998ecf8427e",
                "Zx.9001_P1.chr10_1-16000.gap_lines.gap_filling_lines.versions.yml:md5,80ccbc091181b8c2ecfa9dcc33fdb93d",
                "Zx.9001_P1.chr10_1-16000.gap_lines.summary.tsv:md5,d41d8cd98f00b204e9800998ecf8427e",
                "Zx.9001_P1.chr10_1-16000.gap_lines.tsv.gz:md5,d41d8cd98f00b204e9800998ecf8427e",
                "Zx.9001_P1.chr10_1-16000.sites.tsv.gz:md5,68b329da9893e34099c7d8ad5cb9c940",
                "test_set.chr10_1-16000.pool_qc.tsv:md5,d41d8cd98f00b204e9800998ecf8427e",
                "test_set.chr10_1-16000.pooled_likelihood_tiers.versions.yml:md5,5254a5b8a8d8d59ca23bc142d9c90273",
                "test_set.chr10_1-16000.run_info.txt:md5,d41d8cd98f00b204e9800998ecf8427e",
                "test_set.chr10_1-16000.summary.tsv:md5,d41d8cd98f00b204e9800998ecf8427e",
                "cohort.sample_qc.tsv:md5,05134324876339434002306d383473e9",
                "Zx.9001_P1.chr10_1-16000.pool_qc.tsv:md5,6e712b832b3065ee6a6f145751651162",
                "Zx.9001_P1.chr10_1-16000.run_info.txt:md5,28edf2689769da3e841ef6c41688d0bd",
                "Zx.9001_P1.chr10_1-16000.sites.tsv.gz:md5,1fc1ad011b5f076de882bb2d31baf692",
                "Zx.9001_P1.chr10_1-16000.summary.tsv:md5,56e3ff03257cb27755e303b0d8e84905",
                "test_set.chr10_1-16000.per_donor.tsv:md5,71199605ab908b3c10075c75dd1b701f",
                "test_set.chr10_1-16000.tsv.gz:md5,70ad51d385a4fbebc641a1b5e9536036",
                "test_set.chr10_1-16000.union_sites.tsv:md5,514b6552f8d71d54b59330db10168828"
            ]
        ],
        "timestamp": "2026-09-28T08:33:06.275313",
        "meta": {
            "nf-test": "0.9.5",
            "nextflow": "26.04.6"
        }
    },
    "-profile test_genotype, --entry sample_quality_control - stub": {
        "content": [
            {
                "COVERAGE_QC": {
                    "python": "3.12.14"
                },
                "DONOR_CONTENT_QC": {
                    "python": "3.12.14"
                },
                "MASK_READ_STARTS": {
                    "samtools": 1.21,
                    "gawk": "5.4.1"
                },
                "MIN_COVERAGE": {
                    "python": "3.12.14"
                },
                "QC_PANEL_COUNTS": {
                    "bcftools": 1.21,
                    "htslib": 1.21
                },
                "REGION_BED": {
                    "python": "3.12.14"
                },
                "RELATEDNESS_QC": {
                    "python": "3.12.14"
                },
                "SAMPLE_QC_TABLE": {
                    "python": "3.12.14"
                },
                "Workflow": {
                    "sawers-rellan-labs/zealgt": "v0.1.0dev"
                }
            },
            [
                "pipeline_info",
                "pipeline_info/zealgt_genotype_sample_quality_control_software_versions.yml",
                "store_stub",
                "store_stub/genotype",
                "store_stub/genotype/test",
                "store_stub/genotype/test/sample_qc",
                "store_stub/genotype/test/sample_qc/cohort.coverage_qc.versions.yml",
                "store_stub/genotype/test/sample_qc/cohort.donor_content.tsv",
                "store_stub/genotype/test/sample_qc/cohort.donor_content_qc.versions.yml",
                "store_stub/genotype/test/sample_qc/cohort.min_coverage.tsv",
                "store_stub/genotype/test/sample_qc/cohort.min_coverage.versions.yml",
                "store_stub/genotype/test/sample_qc/cohort.panel_coverage.tsv",
                "store_stub/genotype/test/sample_qc/cohort.relatedness.tsv",
                "store_stub/genotype/test/sample_qc/cohort.relatedness_donors.tsv",
                "store_stub/genotype/test/sample_qc/cohort.relatedness_qc.versions.yml",
                "store_stub/genotype/test/sample_qc/cohort.sample_qc.tsv",
                "store_stub/genotype/test/sample_qc/cohort.sample_qc_table.versions.yml",
                "store_stub/genotype/test/settings"
            ],
            [
                "cohort.coverage_qc.versions.yml:md5,e3e180c38f3cf2517269e22ffd3e5b60",
                "cohort.donor_content.tsv:md5,d41d8cd98f00b204e9800998ecf8427e",
                "cohort.donor_content_qc.versions.yml:md5,eed7732d940d7e717114fffe76f13cf9",
                "cohort.min_coverage.tsv:md5,d41d8cd98f00b204e9800998ecf8427e",
                "cohort.min_coverage.versions.yml:md5,809b450b7604c0f8371a0e7db518ae68",
                "cohort.panel_coverage.tsv:md5,d41d8cd98f00b204e9800998ecf8427e",
                "cohort.relatedness.tsv:md5,d41d8cd98f00b204e9800998ecf8427e",
                "cohort.relatedness_donors.tsv:md5,d41d8cd98f00b204e9800998ecf8427e",
                "cohort.relatedness_qc.versions.yml:md5,bc6c8472ed374afc7f9f1919307a7f48",
                "cohort.sample_qc.tsv:md5,d41d8cd98f00b204e9800998ecf8427e",
                "cohort.sample_qc_table.versions.yml:md5,03e365775a042f0a8a46cfd27fae2e1d"
            ]
        ],
        "timestamp": "2026-09-28T08:32:43.4667",
        "meta": {
            "nf-test": "0.9.5",
            "nextflow": "26.04.6"
        }
    },
    "-profile test_genotype, --entry variant_discovery - stub": {
        "content": [
            {
                "B73_CONTROL_COUNTS": {
                    "bcftools": 1.21,
                    "htslib": 1.21
                },
                "BED_CLIP": [
                    "bcftools"
                ],
                "CRISP": {
                    "crisp": "1a9027e",
                    "htslib": 1.21
                },
                "MASK_READ_STARTS": {
                    "samtools": 1.21,
                    "gawk": "5.4.1"
                },
                "POOLED_LIKELIHOOD_TIERS": {
                    "python": "3.12.14"
                },
                "REGION_BED": {
                    "python": "3.12.14"
                },
                "WITNESS_POOL": {
                    "samtools": 1.21
                },
                "WITNESS_VETO": {
                    "python": "3.12.14"
                },
                "Workflow": {
                    "sawers-rellan-labs/zealgt": "v0.1.0dev"
                }
            },
            [
                "genotype",
                "genotype/test",
                "genotype/test/variant_discovery",
                "genotype/test/variant_discovery/Zx.9001_P1",
                "genotype/test/variant_discovery/Zx.9001_P1/Zx.9001_P1.chr10_1-16000.b73.ad.tsv.gz",
                "genotype/test/variant_discovery/Zx.9001_P1/Zx.9001_P1.chr10_1-16000.crisp.log",
                "genotype/test/variant_discovery/Zx.9001_P1/Zx.9001_P1.chr10_1-16000.crisp.vcf.gz",
                "genotype/test/variant_discovery/Zx.9001_P1/Zx.9001_P1.chr10_1-16000.crisp.vcf.gz.tbi",
                "genotype/test/variant_discovery/Zx.9001_P1/Zx.9001_P1.chr10_1-16000.inbed.vcf.gz",
                "genotype/test/variant_discovery/Zx.9001_P1/Zx.9001_P1.chr10_1-16000.inbed.vcf.gz.tbi",
                "genotype/test/variant_discovery/Zx.9001_P1/Zx.9001_P1.chr10_1-16000.veto_summary.tsv",
                "genotype/test/variant_discovery/Zx.9001_P1/Zx.9001_P1.chr10_1-16000.vetoed.vcf.gz",
                "pipeline_info",
                "pipeline_info/zealgt_genotype_variant_discovery_software_versions.yml",
                "store_stub",
                "store_stub/genotype",
                "store_stub/genotype/test",
                "store_stub/genotype/test/sample_qc",
                "store_stub/genotype/test/sample_qc/cohort.sample_qc.tsv",
                "store_stub/genotype/test/settings",
                "store_stub/genotype/test/step4",
                "store_stub/genotype/test/step4/Zx.9001_P1.chr10_1-16000.pool_qc.tsv",
                "store_stub/genotype/test/step4/Zx.9001_P1.chr10_1-16000.pooled_likelihood_tiers.versions.yml",
                "store_stub/genotype/test/step4/Zx.9001_P1.chr10_1-16000.run_info.txt",
                "store_stub/genotype/test/step4/Zx.9001_P1.chr10_1-16000.sites.tsv.gz",
                "store_stub/genotype/test/step4/Zx.9001_P1.chr10_1-16000.summary.tsv"
            ],
            [
                "Zx.9001_P1.chr10_1-16000.b73.ad.tsv.gz:md5,68b329da9893e34099c7d8ad5cb9c940",
                "Zx.9001_P1.chr10_1-16000.crisp.log:md5,d41d8cd98f00b204e9800998ecf8427e",
                "Zx.9001_P1.chr10_1-16000.crisp.vcf.gz:md5,68b329da9893e34099c7d8ad5cb9c940",
                "Zx.9001_P1.chr10_1-16000.crisp.vcf.gz.tbi:md5,d41d8cd98f00b204e9800998ecf8427e",
                "Zx.9001_P1.chr10_1-16000.inbed.vcf.gz:md5,68b329da9893e34099c7d8ad5cb9c940",
                "Zx.9001_P1.chr10_1-16000.inbed.vcf.gz.tbi:md5,d41d8cd98f00b204e9800998ecf8427e",
                "Zx.9001_P1.chr10_1-16000.veto_summary.tsv:md5,d41d8cd98f00b204e9800998ecf8427e",
                "Zx.9001_P1.chr10_1-16000.vetoed.vcf.gz:md5,68b329da9893e34099c7d8ad5cb9c940",
                "cohort.sample_qc.tsv:md5,05134324876339434002306d383473e9",
                "Zx.9001_P1.chr10_1-16000.pool_qc.tsv:md5,d41d8cd98f00b204e9800998ecf8427e",
                "Zx.9001_P1.chr10_1-16000.pooled_likelihood_tiers.versions.yml:md5,45f35167ce6189f11816b6e1b2530497",
                "Zx.9001_P1.chr10_1-16000.run_info.txt:md5,d41d8cd98f00b204e9800998ecf8427e",
                "Zx.9001_P1.chr10_1-16000.sites.tsv.gz:md5,68b329da9893e34099c7d8ad5cb9c940",
                "Zx.9001_P1.chr10_1-16000.summary.tsv:md5,d41d8cd98f00b204e9800998ecf8427e"
            ]
        ],
        "timestamp": "2026-09-28T08:32:49.339567",
        "meta": {
            "nf-test": "0.9.5",
            "nextflow": "26.04.6"
        }
    },
    "-profile test_genotype, --entry reporting - stub": {
        "content": [
            {
                "CHROMOSOME_PAINTING": {
                    "r-base": "4.4.3",
                    "r-data.table": "1.18.6.1",
                    "r-ggplot2": "4.0.3"
                },
                "GENOTYPE_SUMMARY": {
                    "python": "3.12.14"
                },
                "MASK_READ_STARTS": {
                    "samtools": 1.21,
                    "gawk": "5.4.1"
                },
                "READ_POSITION_QC": {
                    "samtools": 1.21,
                    "python": "3.12.14"
                },
                "REGION_BED": {
                    "python": "3.12.14"
                },
                "SAMPLE_LABELS": {
                    "python": "3.12.14"
                },
                "Workflow": {
                    "sawers-rellan-labs/zealgt": "v0.1.0dev"
                }
            },
            [
                "genotype",
                "genotype/test",
                "genotype/test/reporting",
                "genotype/test/reporting/test_set",
                "genotype/test/reporting/test_set/Zx.9001_P1.chr10_1-16000.breakpoint_density.tsv",
                "genotype/test/reporting/test_set/Zx.9001_P1.chr10_1-16000.exclusions.tsv",
                "genotype/test/reporting/test_set/Zx.9001_P1.chr10_1-16000.genotype_summary.tsv",
                "genotype/test/reporting/test_set/Zx.9001_P1.chr10_1-16000.genotypes.matrix.tsv.gz",
                "genotype/test/reporting/test_set/Zx.9001_P1.chr10_1-16000.genotypes.tsv.gz",
                "genotype/test/reporting/test_set/Zx.9001_P1.chr10_1-16000.painting.pdf",
                "genotype/test/reporting/test_set/Zx.9001_P1.chr10_1-16000.painting.png",
                "genotype/test/reporting/test_set/Zx.9001_P1.chr10_1-16000.sample_labels.tsv",
                "genotype/test/reporting/test_set/Zx.9001_P1.chr10_1-16000.single_locus.tsv",
                "genotype/test/reporting/test_set/read_position_qc",
                "genotype/test/reporting/test_set/read_position_qc/Zx.9001_P1.chr10_1-16000.bc1.masked.read_position_qc.tsv",
                "genotype/test/reporting/test_set/read_position_qc/Zx.9001_P1.chr10_1-16000.bc1.raw.read_position_qc.tsv",
                "genotype/test/reporting/test_set/read_position_qc/Zx.9001_P1.chr10_1-16000.lines.masked.read_position_qc.tsv",
                "genotype/test/reporting/test_set/read_position_qc/Zx.9001_P1.chr10_1-16000.lines.raw.read_position_qc.tsv",
                "pipeline_info",
                "pipeline_info/zealgt_genotype_reporting_software_versions.yml",
                "store_stub",
                "store_stub/genotype",
                "store_stub/genotype/test",
                "store_stub/genotype/test/ancestry",
                "store_stub/genotype/test/ancestry/Zx.9001_P1.chr10_1-16000.line_qc.tsv",
                "store_stub/genotype/test/ancestry/Zx.9001_P1.chr10_1-16000.segments.csv",
                "store_stub/genotype/test/ancestry/Zx.9001_P1.chr10_1-16000.tierA_sites.tsv",
                "store_stub/genotype/test/donor_alleles",
                "store_stub/genotype/test/donor_alleles/test_set",
                "store_stub/genotype/test/donor_alleles/test_set/Zx.9001_P1.chr10_1-16000.summary.tsv",
                "store_stub/genotype/test/donor_alleles/test_set/Zx.9001_P1.chr10_1-16000.tsv.gz",
                "store_stub/genotype/test/genotypes",
                "store_stub/genotype/test/genotypes/test_set",
                "store_stub/genotype/test/genotypes/test_set/Zx.9001_P1.chr10_1-16000.genotypes.matrix.tsv.gz",
                "store_stub/genotype/test/genotypes/test_set/Zx.9001_P1.chr10_1-16000.genotypes.tsv.gz",
                "store_stub/genotype/test/sample_qc",
                "store_stub/genotype/test/sample_qc/cohort.sample_qc.tsv",
                "store_stub/genotype/test/settings",
                "store_stub/genotype/test/step4",
                "store_stub/genotype/test/step4/Zx.9001_P1.chr10_1-16000.pool_qc.tsv",
                "store_stub/genotype/test/step4/Zx.9001_P1.chr10_1-16000.run_info.txt",
                "store_stub/genotype/test/step4/Zx.9001_P1.chr10_1-16000.sites.tsv.gz",
                "store_stub/genotype/test/step4/Zx.9001_P1.chr10_1-16000.summary.tsv",
                "store_stub/genotype/test/union",
                "store_stub/genotype/test/union/test_set.chr10_1-16000.per_donor.tsv",
                "store_stub/genotype/test/union/test_set.chr10_1-16000.tsv.gz",
                "store_stub/genotype/test/union/test_set.chr10_1-16000.union_sites.tsv"
            ],
            [
                "Zx.9001_P1.chr10_1-16000.breakpoint_density.tsv:md5,d41d8cd98f00b204e9800998ecf8427e",
                "Zx.9001_P1.chr10_1-16000.exclusions.tsv:md5,0b3145bc53680758b7016af7f6b0e463",
                "Zx.9001_P1.chr10_1-16000.genotype_summary.tsv:md5,d41d8cd98f00b204e9800998ecf8427e",
                "Zx.9001_P1.chr10_1-16000.genotypes.matrix.tsv.gz:md5,2969e4ebb9caaab84dd3e184ed62a6a7",
                "Zx.9001_P1.chr10_1-16000.genotypes.tsv.gz:md5,827178c5ac2af24438fbe833bdb58281",
                "Zx.9001_P1.chr10_1-16000.painting.pdf:md5,d41d8cd98f00b204e9800998ecf8427e",
                "Zx.9001_P1.chr10_1-16000.painting.png:md5,d41d8cd98f00b204e9800998ecf8427e",
                "Zx.9001_P1.chr10_1-16000.sample_labels.tsv:md5,34ed522af9013d913ad146b5a448683d",
                "Zx.9001_P1.chr10_1-16000.single_locus.tsv:md5,d41d8cd98f00b204e9800998ecf8427e",
                "Zx.9001_P1.chr10_1-16000.bc1.masked.read_position_qc.tsv:md5,d41d8cd98f00b204e9800998ecf8427e",
                "Zx.9001_P1.chr10_1-16000.bc1.raw.read_position_qc.tsv:md5,d41d8cd98f00b204e9800998ecf8427e",
                "Zx.9001_P1.chr10_1-16000.lines.masked.read_position_qc.tsv:md5,d41d8cd98f00b204e9800998ecf8427e",
                "Zx.9001_P1.chr10_1-16000.lines.raw.read_position_qc.tsv:md5,d41d8cd98f00b204e9800998ecf8427e",
                "Zx.9001_P1.chr10_1-16000.line_qc.tsv:md5,24a445bd087f9dc69b6385f06c45071f",
                "Zx.9001_P1.chr10_1-16000.segments.csv:md5,1ea84424e0eae178179531bf71869b8f",
                "Zx.9001_P1.chr10_1-16000.tierA_sites.tsv:md5,1108f99232e71fbd13a4057f47c1c45e",
                "Zx.9001_P1.chr10_1-16000.summary.tsv:md5,4c104e275df5c083a7961111c74578c5",
                "Zx.9001_P1.chr10_1-16000.tsv.gz:md5,476375ec6a04a5fa913182ce3b9ce697",
                "Zx.9001_P1.chr10_1-16000.genotypes.matrix.tsv.gz:md5,2969e4ebb9caaab84dd3e184ed62a6a7",
                "Zx.9001_P1.chr10_1-16000.genotypes.tsv.gz:md5,827178c5ac2af24438fbe833bdb58281",
                "cohort.sample_qc.tsv:md5,05134324876339434002306d383473e9",
                "Zx.9001_P1.chr10_1-16000.pool_qc.tsv:md5,6e712b832b3065ee6a6f145751651162",
                "Zx.9001_P1.chr10_1-16000.run_info.txt:md5,28edf2689769da3e841ef6c41688d0bd",
                "Zx.9001_P1.chr10_1-16000.sites.tsv.gz:md5,1fc1ad011b5f076de882bb2d31baf692",
                "Zx.9001_P1.chr10_1-16000.summary.tsv:md5,56e3ff03257cb27755e303b0d8e84905",
                "test_set.chr10_1-16000.per_donor.tsv:md5,71199605ab908b3c10075c75dd1b701f",
                "test_set.chr10_1-16000.tsv.gz:md5,70ad51d385a4fbebc641a1b5e9536036",
                "test_set.chr10_1-16000.union_sites.tsv:md5,514b6552f8d71d54b59330db10168828"
            ]
        ],
        "timestamp": "2026-09-29T13:07:44.397075",
        "meta": {
            "nf-test": "0.9.5",
            "nextflow": "26.04.6"
        }
    },
    "-profile test_genotype, --entry ancestry_inference - stub": {
        "content": [
            {
                "LINE_ALLELE_COUNTS": {
                    "bcftools": 1.21,
                    "htslib": 1.21
                },
                "LINE_MARKER_QC": {
                    "python": "3.12.14"
                },
                "MASK_READ_STARTS": {
                    "samtools": 1.21,
                    "gawk": "5.4.1"
                },
                "REGION_BED": {
                    "python": "3.12.14"
                },
                "RTIGER": {
                    "r-base": "4.4.3",
                    "nilhmm": "0.3.0",
                    "r-data.table": "1.18.6.1"
                },
                "RTIGER_MARKERS": {
                    "python": "3.12.14"
                },
                "Workflow": {
                    "sawers-rellan-labs/zealgt": "v0.1.0dev"
                }
            },
            [
                "pipeline_info",
                "pipeline_info/zealgt_genotype_ancestry_inference_software_versions.yml",
                "store_stub",
                "store_stub/genotype",
                "store_stub/genotype/test",
                "store_stub/genotype/test/ancestry",
                "store_stub/genotype/test/ancestry/Zx.9001_P1.chr10_1-16000.counts.tsv",
                "store_stub/genotype/test/ancestry/Zx.9001_P1.chr10_1-16000.line_marker_qc.versions.yml",
                "store_stub/genotype/test/ancestry/Zx.9001_P1.chr10_1-16000.line_qc.tsv",
                "store_stub/genotype/test/ancestry/Zx.9001_P1.chr10_1-16000.rigidity.txt",
                "store_stub/genotype/test/ancestry/Zx.9001_P1.chr10_1-16000.rtiger.versions.yml",
                "store_stub/genotype/test/ancestry/Zx.9001_P1.chr10_1-16000.rtiger_markers.tsv",
                "store_stub/genotype/test/ancestry/Zx.9001_P1.chr10_1-16000.rtiger_markers.versions.yml",
                "store_stub/genotype/test/ancestry/Zx.9001_P1.chr10_1-16000.segments.csv",
                "store_stub/genotype/test/ancestry/Zx.9001_P1.chr10_1-16000.tierA_sites.tsv",
                "store_stub/genotype/test/sample_qc",
                "store_stub/genotype/test/sample_qc/cohort.sample_qc.tsv",
                "store_stub/genotype/test/settings",
                "store_stub/genotype/test/step4",
                "store_stub/genotype/test/step4/Zx.9001_P1.chr10_1-16000.pool_qc.tsv",
                "store_stub/genotype/test/step4/Zx.9001_P1.chr10_1-16000.run_info.txt",
                "store_stub/genotype/test/step4/Zx.9001_P1.chr10_1-16000.sites.tsv.gz",
                "store_stub/genotype/test/step4/Zx.9001_P1.chr10_1-16000.summary.tsv"
            ],
            [
                "Zx.9001_P1.chr10_1-16000.counts.tsv:md5,d41d8cd98f00b204e9800998ecf8427e",
                "Zx.9001_P1.chr10_1-16000.line_marker_qc.versions.yml:md5,8e895c75bc7d1d833928953ff8f06334",
                "Zx.9001_P1.chr10_1-16000.line_qc.tsv:md5,d41d8cd98f00b204e9800998ecf8427e",
                "Zx.9001_P1.chr10_1-16000.rigidity.txt:md5,6d7fce9fee471194aa8b5b6e47267f03",
                "Zx.9001_P1.chr10_1-16000.rtiger.versions.yml:md5,43bcd223efe7a3568763b2252632d721",
                "Zx.9001_P1.chr10_1-16000.rtiger_markers.tsv:md5,d41d8cd98f00b204e9800998ecf8427e",
                "Zx.9001_P1.chr10_1-16000.rtiger_markers.versions.yml:md5,35bd4fb56aa81fc8ca827271abaa3b9f",
                "Zx.9001_P1.chr10_1-16000.segments.csv:md5,d41d8cd98f00b204e9800998ecf8427e",
                "Zx.9001_P1.chr10_1-16000.tierA_sites.tsv:md5,d41d8cd98f00b204e9800998ecf8427e",
                "cohort.sample_qc.tsv:md5,05134324876339434002306d383473e9",
                "Zx.9001_P1.chr10_1-16000.pool_qc.tsv:md5,6e712b832b3065ee6a6f145751651162",
                "Zx.9001_P1.chr10_1-16000.run_info.txt:md5,28edf2689769da3e841ef6c41688d0bd",
                "Zx.9001_P1.chr10_1-16000.sites.tsv.gz:md5,1fc1ad011b5f076de882bb2d31baf692",
                "Zx.9001_P1.chr10_1-16000.summary.tsv:md5,56e3ff03257cb27755e303b0d8e84905"
            ]
        ],
        "timestamp": "2026-09-29T18:34:58.134714",
        "meta": {
            "nf-test": "0.9.5",
            "nextflow": "26.04.6"
        }
    },
    "-profile test_genotype, --entry marker_union - stub": {
        "content": [
            {
                "MARKER_UNION": {
                    "python": "3.12.14"
                },
                "Workflow": {
                    "sawers-rellan-labs/zealgt": "v0.1.0dev"
                }
            },
            [
                "pipeline_info",
                "pipeline_info/zealgt_genotype_marker_union_software_versions.yml",
                "store_stub",
                "store_stub/genotype",
                "store_stub/genotype/test",
                "store_stub/genotype/test/ancestry",
                "store_stub/genotype/test/ancestry/Zx.9001_P1.chr10_1-16000.line_qc.tsv",
                "store_stub/genotype/test/ancestry/Zx.9001_P1.chr10_1-16000.segments.csv",
                "store_stub/genotype/test/ancestry/Zx.9001_P1.chr10_1-16000.tierA_sites.tsv",
                "store_stub/genotype/test/sample_qc",
                "store_stub/genotype/test/sample_qc/cohort.sample_qc.tsv",
                "store_stub/genotype/test/settings",
                "store_stub/genotype/test/step4",
                "store_stub/genotype/test/step4/Zx.9001_P1.chr10_1-16000.pool_qc.tsv",
                "store_stub/genotype/test/step4/Zx.9001_P1.chr10_1-16000.run_info.txt",
                "store_stub/genotype/test/step4/Zx.9001_P1.chr10_1-16000.sites.tsv.gz",
                "store_stub/genotype/test/step4/Zx.9001_P1.chr10_1-16000.summary.tsv",
                "store_stub/genotype/test/union",
                "store_stub/genotype/test/union/test_set.chr10_1-16000.marker_union.versions.yml",
                "store_stub/genotype/test/union/test_set.chr10_1-16000.per_donor.tsv",
                "store_stub/genotype/test/union/test_set.chr10_1-16000.tsv.gz",
                "store_stub/genotype/test/union/test_set.chr10_1-16000.union_sites.tsv"
            ],
            [
                "Zx.9001_P1.chr10_1-16000.line_qc.tsv:md5,24a445bd087f9dc69b6385f06c45071f",
                "Zx.9001_P1.chr10_1-16000.segments.csv:md5,1ea84424e0eae178179531bf71869b8f",
                "Zx.9001_P1.chr10_1-16000.tierA_sites.tsv:md5,1108f99232e71fbd13a4057f47c1c45e",
                "cohort.sample_qc.tsv:md5,05134324876339434002306d383473e9",
                "Zx.9001_P1.chr10_1-16000.pool_qc.tsv:md5,6e712b832b3065ee6a6f145751651162",
                "Zx.9001_P1.chr10_1-16000.run_info.txt:md5,28edf2689769da3e841ef6c41688d0bd",
                "Zx.9001_P1.chr10_1-16000.sites.tsv.gz:md5,1fc1ad011b5f076de882bb2d31baf692",
                "Zx.9001_P1.chr10_1-16000.summary.tsv:md5,56e3ff03257cb27755e303b0d8e84905",
                "test_set.chr10_1-16000.marker_union.versions.yml:md5,89db21236a874244d3d43d79a0d2772d",
                "test_set.chr10_1-16000.per_donor.tsv:md5,d41d8cd98f00b204e9800998ecf8427e",
                "test_set.chr10_1-16000.tsv.gz:md5,d41d8cd98f00b204e9800998ecf8427e",
                "test_set.chr10_1-16000.union_sites.tsv:md5,d41d8cd98f00b204e9800998ecf8427e"
            ]
        ],
        "timestamp": "2026-09-28T08:33:00.266907",
        "meta": {
            "nf-test": "0.9.5",
            "nextflow": "26.04.6"
        }
    },
    "-profile test_genotype, --entry genotype_imputation - stub": {
        "content": [
            {
                "RASTERIZE": {
                    "python": "3.12.14"
                },
                "Workflow": {
                    "sawers-rellan-labs/zealgt": "v0.1.0dev"
                }
            },
            [
                "pipeline_info",
                "pipeline_info/zealgt_genotype_genotype_imputation_software_versions.yml",
                "store_stub",
                "store_stub/genotype",
                "store_stub/genotype/test",
                "store_stub/genotype/test/ancestry",
                "store_stub/genotype/test/ancestry/Zx.9001_P1.chr10_1-16000.line_qc.tsv",
                "store_stub/genotype/test/ancestry/Zx.9001_P1.chr10_1-16000.segments.csv",
                "store_stub/genotype/test/ancestry/Zx.9001_P1.chr10_1-16000.tierA_sites.tsv",
                "store_stub/genotype/test/donor_alleles",
                "store_stub/genotype/test/donor_alleles/test_set",
                "store_stub/genotype/test/donor_alleles/test_set/Zx.9001_P1.chr10_1-16000.summary.tsv",
                "store_stub/genotype/test/donor_alleles/test_set/Zx.9001_P1.chr10_1-16000.tsv.gz",
                "store_stub/genotype/test/genotypes",
                "store_stub/genotype/test/genotypes/test_set",
                "store_stub/genotype/test/genotypes/test_set/Zx.9001_P1.chr10_1-16000.genotypes.matrix.tsv.gz",
                "store_stub/genotype/test/genotypes/test_set/Zx.9001_P1.chr10_1-16000.genotypes.rasterize.versions.yml",
                "store_stub/genotype/test/genotypes/test_set/Zx.9001_P1.chr10_1-16000.genotypes.tsv.gz",
                "store_stub/genotype/test/sample_qc",
                "store_stub/genotype/test/sample_qc/cohort.sample_qc.tsv",
                "store_stub/genotype/test/settings",
                "store_stub/genotype/test/step4",
                "store_stub/genotype/test/step4/Zx.9001_P1.chr10_1-16000.pool_qc.tsv",
                "store_stub/genotype/test/step4/Zx.9001_P1.chr10_1-16000.run_info.txt",
                "store_stub/genotype/test/step4/Zx.9001_P1.chr10_1-16000.sites.tsv.gz",
                "store_stub/genotype/test/step4/Zx.9001_P1.chr10_1-16000.summary.tsv",
                "store_stub/genotype/test/union",
                "store_stub/genotype/test/union/test_set.chr10_1-16000.per_donor.tsv",
                "store_stub/genotype/test/union/test_set.chr10_1-16000.tsv.gz",
                "store_stub/genotype/test/union/test_set.chr10_1-16000.union_sites.tsv"
            ],
            [
                "Zx.9001_P1.chr10_1-16000.line_qc.tsv:md5,24a445bd087f9dc69b6385f06c45071f",
                "Zx.9001_P1.chr10_1-16000.segments.csv:md5,1ea84424e0eae178179531bf71869b8f",
                "Zx.9001_P1.chr10_1-16000.tierA_sites.tsv:md5,1108f99232e71fbd13a4057f47c1c45e",
                "Zx.9001_P1.chr10_1-16000.summary.tsv:md5,4c104e275df5c083a7961111c74578c5",
                "Zx.9001_P1.chr10_1-16000.tsv.gz:md5,476375ec6a04a5fa913182ce3b9ce697",
                "Zx.9001_P1.chr10_1-16000.genotypes.matrix.tsv.gz:md5,d41d8cd98f00b204e9800998ecf8427e",
                "Zx.9001_P1.chr10_1-16000.genotypes.rasterize.versions.yml:md5,2039a7e52ec6ff43bd139ea7ab331cf4",
                "Zx.9001_P1.chr10_1-16000.genotypes.tsv.gz:md5,d41d8cd98f00b204e9800998ecf8427e",
                "cohort.sample_qc.tsv:md5,05134324876339434002306d383473e9",
                "Zx.9001_P1.chr10_1-16000.pool_qc.tsv:md5,6e712b832b3065ee6a6f145751651162",
                "Zx.9001_P1.chr10_1-16000.run_info.txt:md5,28edf2689769da3e841ef6c41688d0bd",
                "Zx.9001_P1.chr10_1-16000.sites.tsv.gz:md5,1fc1ad011b5f076de882bb2d31baf692",
                "Zx.9001_P1.chr10_1-16000.summary.tsv:md5,56e3ff03257cb27755e303b0d8e84905",
                "test_set.chr10_1-16000.per_donor.tsv:md5,71199605ab908b3c10075c75dd1b701f",
                "test_set.chr10_1-16000.tsv.gz:md5,70ad51d385a4fbebc641a1b5e9536036",
                "test_set.chr10_1-16000.union_sites.tsv:md5,514b6552f8d71d54b59330db10168828"
            ]
        ],
        "timestamp": "2026-09-28T08:33:11.526342",
        "meta": {
            "nf-test": "0.9.5",
            "nextflow": "26.04.6"
        }
    }
}