{
    "gt_set.chrA_1-5000 - other_donors prior": {
        "content": [
            [
                [
                    {
                        "id": "gt_set.chrA_1-5000",
                        "donor_set": "gt_set",
                        "region": "chrA_1-5000"
                    },
                    "gt_set.chrA_1-5000.gap_bc1.tsv.gz:md5,bba52786705b0da49fc4b8883df59ac4"
                ]
            ],
            [
                [
                    {
                        "id": "gt_set.chrA_1-5000",
                        "donor_set": "gt_set",
                        "region": "chrA_1-5000"
                    },
                    "gt_set.chrA_1-5000.gap_bc1.summary.tsv:md5,003057a3158995da12b8bff45386c529"
                ]
            ]
        ],
        "timestamp": "2026-09-28T08:54:08.323754",
        "meta": {
            "nf-test": "0.9.5",
            "nextflow": "26.04.6"
        }
    }
}