{
    "Zx.0001_P1.chrA_1-5000 - stub": {
        "content": [
            {
                "0": [
                    [
                        {
                            "id": "Zx.0001_P1.chrA_1-5000",
                            "donor": "Zx.0001_P1",
                            "region": "chrA_1-5000"
                        },
                        "Zx.0001_P1.chrA_1-5000.genotype_summary.tsv:md5,d41d8cd98f00b204e9800998ecf8427e"
                    ]
                ],
                "1": [
                    [
                        {
                            "id": "Zx.0001_P1.chrA_1-5000",
                            "donor": "Zx.0001_P1",
                            "region": "chrA_1-5000"
                        },
                        "Zx.0001_P1.chrA_1-5000.single_locus.tsv:md5,d41d8cd98f00b204e9800998ecf8427e"
                    ]
                ],
                "2": [
                    [
                        {
                            "id": "Zx.0001_P1.chrA_1-5000",
                            "donor": "Zx.0001_P1",
                            "region": "chrA_1-5000"
                        },
                        "Zx.0001_P1.chrA_1-5000.breakpoint_density.tsv:md5,d41d8cd98f00b204e9800998ecf8427e"
                    ]
                ],
                "3": [
                    "Zx.0001_P1.chrA_1-5000.genotype_summary.versions.yml:md5,4360c06fcbb3237c6f1a36232bd32adb"
                ],
                "breakpoint_density": [
                    [
                        {
                            "id": "Zx.0001_P1.chrA_1-5000",
                            "donor": "Zx.0001_P1",
                            "region": "chrA_1-5000"
                        },
                        "Zx.0001_P1.chrA_1-5000.breakpoint_density.tsv:md5,d41d8cd98f00b204e9800998ecf8427e"
                    ]
                ],
                "single_locus": [
                    [
                        {
                            "id": "Zx.0001_P1.chrA_1-5000",
                            "donor": "Zx.0001_P1",
                            "region": "chrA_1-5000"
                        },
                        "Zx.0001_P1.chrA_1-5000.single_locus.tsv:md5,d41d8cd98f00b204e9800998ecf8427e"
                    ]
                ],
                "summary": [
                    [
                        {
                            "id": "Zx.0001_P1.chrA_1-5000",
                            "donor": "Zx.0001_P1",
                            "region": "chrA_1-5000"
                        },
                        "Zx.0001_P1.chrA_1-5000.genotype_summary.tsv:md5,d41d8cd98f00b204e9800998ecf8427e"
                    ]
                ],
                "versions": [
                    "Zx.0001_P1.chrA_1-5000.genotype_summary.versions.yml:md5,4360c06fcbb3237c6f1a36232bd32adb"
                ]
            }
        ],
        "timestamp": "2026-09-28T08:00:17.879594",
        "meta": {
            "nf-test": "0.9.5",
            "nextflow": "26.04.6"
        }
    }
}