{
    "LX_1 new, LX_2 with stored stats - stub": {
        "content": [
            [
                "LX_1 LX_1.CollectWgsMetrics.coverage_metrics",
                "LX_1 LX_1.stats",
                "LX_2 LX_2.CollectWgsMetrics.coverage_metrics",
                "LX_2 LX_2.stats"
            ],
            [
                [
                    "LX_1",
                    "LX_1.provenance.json",
                    "{\"sample\":\"LX_1\"}"
                ],
                [
                    "LX_2",
                    "LX_2.provenance.json",
                    "{\"sample\":\"LX_2\"}"
                ]
            ],
            [
                "[CRAM_QC_PROVENANCE:PICARD_COLLECTWGSMETRICS, picard, 3.5.0]",
                "[CRAM_QC_PROVENANCE:PICARD_COLLECTWGSMETRICS, picard, 3.5.0]",
                "[CRAM_QC_PROVENANCE:SAMTOOLS_STATS, samtools, 1.24]"
            ]
        ],
        "timestamp": "2026-09-28T01:37:00.616322",
        "meta": {
            "nf-test": "0.9.5",
            "nextflow": "26.04.6"
        }
    }
}