{
    "test_set (Zx.9001_P1) x chr10:1-16000 - stub": {
        "content": [
            [
                [
                    "Zx.9001_P1.chr10_1-16000",
                    "Zx.9001_P1.chr10_1-16000.tsv.gz"
                ]
            ],
            [
                [
                    "test_set.chr10_1-16000",
                    "test_set.chr10_1-16000.gap_bc1.tsv.gz"
                ]
            ],
            [
                [
                    "Zx.9001_P1.chr10_1-16000",
                    "Zx.9001_P1.chr10_1-16000.gap_lines.tsv.gz"
                ]
            ],
            [
                [
                    "test_set.chr10_1-16000",
                    "Zx.9001_P1.chr10_1-16000.sites.tsv.gz"
                ]
            ],
            [
                "Zx.9001_P1.chr10_1-16000.bc1.allele_counts.versions.yml",
                "Zx.9001_P1.chr10_1-16000.bc1.mask_read_starts.versions.yml",
                "Zx.9001_P1.chr10_1-16000.donor_founder.versions.yml",
                "Zx.9001_P1.chr10_1-16000.gap_lines.gap_filling_lines.versions.yml",
                "Zx.9001_P1.chr10_1-16000.lines.allele_counts.versions.yml",
                "Zx.9001_P1.chr10_1-16000.lines.mask_read_starts.versions.yml",
                "b73.chr10_1-16000.b73.mask_read_starts.versions.yml",
                "chr10_1-16000.region_bed.versions.yml",
                "test_set.chr10_1-16000.b73.allele_counts.versions.yml",
                "test_set.chr10_1-16000.gap_bc1.gap_filling_bc1.versions.yml",
                "test_set.chr10_1-16000.pooled_likelihood_tiers.versions.yml"
            ]
        ],
        "timestamp": "2026-09-28T08:16:33.914094",
        "meta": {
            "nf-test": "0.9.5",
            "nextflow": "26.04.6"
        }
    }
}