{
    "Zx.0540_P3.chrA - stub": {
        "content": [
            {
                "0": [
                    [
                        {
                            "id": "Zx.0540_P3.chrA",
                            "donor": "Zx.0540_P3",
                            "region": "chrA"
                        },
                        [
                            "S1.bam:md5,d41d8cd98f00b204e9800998ecf8427e",
                            "S2.bam:md5,d41d8cd98f00b204e9800998ecf8427e"
                        ],
                        [
                            "S1.bam.bai:md5,d41d8cd98f00b204e9800998ecf8427e",
                            "S2.bam.bai:md5,d41d8cd98f00b204e9800998ecf8427e"
                        ]
                    ]
                ],
                "1": [
                    [
                        {
                            "id": "Zx.0540_P3.chrA",
                            "donor": "Zx.0540_P3",
                            "region": "chrA"
                        },
                        "Zx.0540_P3.chrA.masks.tsv:md5,cc535abc743a3b4ca18f7c70c6eaa732"
                    ]
                ],
                "2": [
                    "Zx.0540_P3.chrA.mask_read_starts.versions.yml:md5,392a98ee9caa490fcd6e5dc79c97475b"
                ],
                "bam": [
                    [
                        {
                            "id": "Zx.0540_P3.chrA",
                            "donor": "Zx.0540_P3",
                            "region": "chrA"
                        },
                        [
                            "S1.bam:md5,d41d8cd98f00b204e9800998ecf8427e",
                            "S2.bam:md5,d41d8cd98f00b204e9800998ecf8427e"
                        ],
                        [
                            "S1.bam.bai:md5,d41d8cd98f00b204e9800998ecf8427e",
                            "S2.bam.bai:md5,d41d8cd98f00b204e9800998ecf8427e"
                        ]
                    ]
                ],
                "masks": [
                    [
                        {
                            "id": "Zx.0540_P3.chrA",
                            "donor": "Zx.0540_P3",
                            "region": "chrA"
                        },
                        "Zx.0540_P3.chrA.masks.tsv:md5,cc535abc743a3b4ca18f7c70c6eaa732"
                    ]
                ],
                "versions": [
                    "Zx.0540_P3.chrA.mask_read_starts.versions.yml:md5,392a98ee9caa490fcd6e5dc79c97475b"
                ]
            }
        ],
        "timestamp": "2026-09-28T07:47:57.345815",
        "meta": {
            "nf-test": "0.9.5",
            "nextflow": "26.04.6"
        }
    },
    "Zx.0540_P3.chrA - masks by mate and strand": {
        "content": [
            [
                [
                    {
                        "id": "Zx.0540_P3.chrA",
                        "donor": "Zx.0540_P3",
                        "region": "chrA"
                    },
                    "Zx.0540_P3.chrA.masks.tsv:md5,9af02d0f0eac897613e2e01ed73d5851"
                ]
            ]
        ],
        "timestamp": "2026-09-28T07:48:00.228179",
        "meta": {
            "nf-test": "0.9.5",
            "nextflow": "26.04.6"
        }
    }
}