{
    "Zx.0540_P3.chrA - stub": {
        "content": [
            {
                "0": [
                    [
                        {
                            "id": "Zx.0540_P3.chrA",
                            "donor": "Zx.0540_P3",
                            "region": "chrA"
                        },
                        "Zx0540_P3_BC2S3.bam:md5,d41d8cd98f00b204e9800998ecf8427e",
                        "Zx0540_P3_BC2S3.bam.bai:md5,d41d8cd98f00b204e9800998ecf8427e"
                    ]
                ],
                "1": [
                    "Zx.0540_P3.chrA.witness_pool.versions.yml:md5,d831811f638d06d1dd1f0c1aea016bde"
                ],
                "bam": [
                    [
                        {
                            "id": "Zx.0540_P3.chrA",
                            "donor": "Zx.0540_P3",
                            "region": "chrA"
                        },
                        "Zx0540_P3_BC2S3.bam:md5,d41d8cd98f00b204e9800998ecf8427e",
                        "Zx0540_P3_BC2S3.bam.bai:md5,d41d8cd98f00b204e9800998ecf8427e"
                    ]
                ],
                "versions": [
                    "Zx.0540_P3.chrA.witness_pool.versions.yml:md5,d831811f638d06d1dd1f0c1aea016bde"
                ]
            }
        ],
        "timestamp": "2026-09-28T07:49:03.268835",
        "meta": {
            "nf-test": "0.9.5",
            "nextflow": "26.04.6"
        }
    }
}