{
    "LIBX lane L1 of 2, 3 samples, 6B2S+T symmetric - stub": {
        "content": [
            {
                "0": [
                    [
                        {
                            "id": "LIBX.LIBX_TESTFC01_L1",
                            "library": "LIBX",
                            "source": "bc1",
                            "layout": "symmetric",
                            "n_samples": 3,
                            "pu": "TESTFC01.1,TESTFC01.2",
                            "n_lanes": 2
                        },
                        [
                            "LX_1.LIBX.LIBX_TESTFC01_L1_R1.fastq.gz:md5,68b329da9893e34099c7d8ad5cb9c940",
                            "LX_1.LIBX.LIBX_TESTFC01_L1_R2.fastq.gz:md5,68b329da9893e34099c7d8ad5cb9c940",
                            "LX_2.LIBX.LIBX_TESTFC01_L1_R1.fastq.gz:md5,68b329da9893e34099c7d8ad5cb9c940",
                            "LX_2.LIBX.LIBX_TESTFC01_L1_R2.fastq.gz:md5,68b329da9893e34099c7d8ad5cb9c940",
                            "LX_3.LIBX.LIBX_TESTFC01_L1_R1.fastq.gz:md5,68b329da9893e34099c7d8ad5cb9c940",
                            "LX_3.LIBX.LIBX_TESTFC01_L1_R2.fastq.gz:md5,68b329da9893e34099c7d8ad5cb9c940"
                        ]
                    ]
                ],
                "1": [
                    [
                        {
                            "id": "LIBX.LIBX_TESTFC01_L1",
                            "library": "LIBX",
                            "source": "bc1",
                            "layout": "symmetric",
                            "n_samples": 3,
                            "pu": "TESTFC01.1,TESTFC01.2",
                            "n_lanes": 2
                        },
                        "LIBX.LIBX_TESTFC01_L1.cutadapt.json:md5,e34d7ed3a679097fbb16f529db302a88"
                    ]
                ],
                "2": [
                    [
                        {
                            "id": "LIBX.LIBX_TESTFC01_L1",
                            "library": "LIBX",
                            "source": "bc1",
                            "layout": "symmetric",
                            "n_samples": 3,
                            "pu": "TESTFC01.1,TESTFC01.2",
                            "n_lanes": 2
                        },
                        "LIBX.LIBX_TESTFC01_L1.cutadapt.log:md5,d41d8cd98f00b204e9800998ecf8427e"
                    ]
                ],
                "3": [
                    [
                        "DEMUX",
                        "cutadapt",
                        "4.9"
                    ]
                ],
                "4": [
                    [
                        "DEMUX",
                        "pigz",
                        "2.8"
                    ]
                ],
                "5": [
                    [
                        "DEMUX",
                        "tar",
                        "3.5.3"
                    ]
                ],
                "json": [
                    [
                        {
                            "id": "LIBX.LIBX_TESTFC01_L1",
                            "library": "LIBX",
                            "source": "bc1",
                            "layout": "symmetric",
                            "n_samples": 3,
                            "pu": "TESTFC01.1,TESTFC01.2",
                            "n_lanes": 2
                        },
                        "LIBX.LIBX_TESTFC01_L1.cutadapt.json:md5,e34d7ed3a679097fbb16f529db302a88"
                    ]
                ],
                "log": [
                    [
                        {
                            "id": "LIBX.LIBX_TESTFC01_L1",
                            "library": "LIBX",
                            "source": "bc1",
                            "layout": "symmetric",
                            "n_samples": 3,
                            "pu": "TESTFC01.1,TESTFC01.2",
                            "n_lanes": 2
                        },
                        "LIBX.LIBX_TESTFC01_L1.cutadapt.log:md5,d41d8cd98f00b204e9800998ecf8427e"
                    ]
                ],
                "reads": [
                    [
                        {
                            "id": "LIBX.LIBX_TESTFC01_L1",
                            "library": "LIBX",
                            "source": "bc1",
                            "layout": "symmetric",
                            "n_samples": 3,
                            "pu": "TESTFC01.1,TESTFC01.2",
                            "n_lanes": 2
                        },
                        [
                            "LX_1.LIBX.LIBX_TESTFC01_L1_R1.fastq.gz:md5,68b329da9893e34099c7d8ad5cb9c940",
                            "LX_1.LIBX.LIBX_TESTFC01_L1_R2.fastq.gz:md5,68b329da9893e34099c7d8ad5cb9c940",
                            "LX_2.LIBX.LIBX_TESTFC01_L1_R1.fastq.gz:md5,68b329da9893e34099c7d8ad5cb9c940",
                            "LX_2.LIBX.LIBX_TESTFC01_L1_R2.fastq.gz:md5,68b329da9893e34099c7d8ad5cb9c940",
                            "LX_3.LIBX.LIBX_TESTFC01_L1_R1.fastq.gz:md5,68b329da9893e34099c7d8ad5cb9c940",
                            "LX_3.LIBX.LIBX_TESTFC01_L1_R2.fastq.gz:md5,68b329da9893e34099c7d8ad5cb9c940"
                        ]
                    ]
                ],
                "versions_cutadapt": [
                    [
                        "DEMUX",
                        "cutadapt",
                        "4.9"
                    ]
                ],
                "versions_pigz": [
                    [
                        "DEMUX",
                        "pigz",
                        "2.8"
                    ]
                ],
                "versions_tar": [
                    [
                        "DEMUX",
                        "tar",
                        "3.5.3"
                    ]
                ]
            }
        ],
        "timestamp": "2026-09-28T07:05:00.293505",
        "meta": {
            "nf-test": "0.9.5",
            "nextflow": "26.04.6"
        }
    }
}