{
    "Zx.0540_P3.chrA - stub": {
        "content": [
            {
                "0": [
                    [
                        {
                            "id": "Zx.0540_P3.chrA",
                            "donor": "Zx.0540_P3",
                            "region": "chrA"
                        },
                        "Zx.0540_P3.chrA.b73.ad.tsv.gz:md5,68b329da9893e34099c7d8ad5cb9c940"
                    ]
                ],
                "1": [
                    [
                        "ALLELE_COUNTS",
                        "bcftools",
                        "1.23.1"
                    ]
                ],
                "2": [
                    [
                        "ALLELE_COUNTS",
                        "htslib",
                        "1.23"
                    ]
                ],
                "counts": [
                    [
                        {
                            "id": "Zx.0540_P3.chrA",
                            "donor": "Zx.0540_P3",
                            "region": "chrA"
                        },
                        "Zx.0540_P3.chrA.b73.ad.tsv.gz:md5,68b329da9893e34099c7d8ad5cb9c940"
                    ]
                ],
                "versions_bcftools": [
                    [
                        "ALLELE_COUNTS",
                        "bcftools",
                        "1.23.1"
                    ]
                ],
                "versions_htslib": [
                    [
                        "ALLELE_COUNTS",
                        "htslib",
                        "1.23"
                    ]
                ]
            }
        ],
        "timestamp": "2026-09-29T21:00:37.953487",
        "meta": {
            "nf-test": "0.9.5",
            "nextflow": "26.04.6"
        }
    }
}